=== LMAGI Runtime Monitor Started at 2025-10-31 22:20:38.842985 ===
[22:20:38] Starting lmagi backend server...
[22:20:38] Process started (PID: 2852)
[22:20:38] Application available at http://localhost:8080
[22:20:38] Monitoring for 15 minutes...

[22:20:39] APP: INFO:root:Settings loaded from config.json
[22:20:41] APP: INFO:root:Settings loaded from config.json
[22:20:43] APP: NiceGUI ready to go on http://localhost:8080, and http://10.0.0.169:8080
[22:20:45] APP: INFO:watchfiles.main:2 changes detected
[22:20:47] APP: INFO:watchfiles.main:1 change detected
[22:20:49] APP: INFO:watchfiles.main:1 change detected
[22:20:51] APP: INFO:watchfiles.main:1 change detected
[22:20:53] APP: INFO:watchfiles.main:1 change detected
[22:20:55] APP: INFO:watchfiles.main:1 change detected
[22:20:57] APP: INFO:watchfiles.main:2 changes detected
[22:20:59] APP: WARNING:  WatchFiles detected changes in 'monitor_runtime.py', 'monitor_runtime_bg.py'. Reloading...
[22:21:01] APP: INFO:watchfiles.main:4 changes detected
[22:21:03] APP: INFO:root:Settings loaded from config.json
[22:21:05] APP: NiceGUI ready to go on http://localhost:8080, and http://10.0.0.169:8080
[22:21:07] APP: INFO:watchfiles.main:1 change detected
[22:21:09] APP: INFO:watchfiles.main:1 change detected
[22:21:09] STATUS: Running for 30s, 869s remaining
[22:21:09]   File sizes: [('memory/logs/thoughts.json', 25263), ('memory/logs/conclusions.txt', 122710), ('memory/logs/truth.json', 27614), ('memory/logs/premises.json', 5078), ('memory/logs/notpremise.json', 26981), ('memory/truth/logs.txt', 284)]
[22:21:11] APP: INFO:watchfiles.main:1 change detected
[22:21:13] Process ended (exit code: -9)
[22:21:13] Shutting down...
[22:21:13] 
=== Final Summary ===
[22:21:13]   memory/logs/thoughts.json: 25263 bytes
[22:21:13]   memory/logs/conclusions.txt: 122710 bytes
[22:21:13]   memory/logs/truth.json: 27614 bytes
[22:21:13]   memory/logs/premises.json: 5078 bytes
[22:21:13]   memory/logs/notpremise.json: 26981 bytes
[22:21:13]   memory/truth/logs.txt: 284 bytes
[22:21:13] Full log saved to: runtime_monitor.log
